// Jest Snapshot v1, https://goo.gl/fbAQLP

exports[`characters component renders the characters 1`] = `
<ul>
  <li
    key="rick"
  >
    <Character
      character={
        Object {
          "image": "telkjse.jpg",
          "name": "rick",
          "species": "human",
          "status": "alive",
        }
      }
    />
  </li>
  <li
    key="morty"
  >
    <Character
      character={
        Object {
          "image": "hsdkfl.jpg",
          "name": "morty",
          "species": "human",
          "status": "alive",
        }
      }
    />
  </li>
</ul>
`;
